// Jest Snapshot v1, https://goo.gl/fbAQLP

exports[`<GridContent /> should render grid content 1`] = `
.c2 {
  text-align: center;
  max-width: 58rem;
  margin: 0 auto;
}

.c4 {
  margin: 6.4rem 0;
}

.c3 {
  color: #0A1128;
  font-size: 6.4rem;
  text-transform: uppercase;
}

.c0 {
  background: #FFFFFF;
  color: #0A1128;
  min-height: 100vh;
  display: -webkit-box;
  display: -webkit-flex;
  display: -ms-flexbox;
  display: flex;
  -webkit-align-items: center;
  -webkit-box-align: center;
  -ms-flex-align: center;
  align-items: center;
}

.c1 {
  max-width: 120rem;
  margin: 0 auto;
  padding: 3.2rem;
}

.c5 {
  font-size: 2.4rem;
}

@media (max-width:768px) {
  .c3 {
    font-size: 4.0rem;
  }
}

@media (max-width:768px) {
  .c1 {
    padding: 1.6rem;
  }
}

@media (max-width:414px) {
  .c1 {
    padding: .4rem;
  }
}

<div>
  <div
    class="c0"
  >
    <div
      class="c1"
    >
      <div
        class="c2"
      >
        <h1
          class="c3"
        >
          Any title as you wish
        </h1>
        <div
          class="c4"
        >
          <p
            class="c5"
          >
            <h1>
              Non voluptas eligendi 33 beatae sint est quod exercitationem! 
            </h1>
            <p>
              Lorem ipsum dolor sit amet. Et asperiores explicaboEst earum ea accusamus similique aut ipsa totam aut laborum quidem rem vero quisquam est velit labore? Eos veniam atqueUt consequatur id eius enim. Sit Quis adipisci 
              <em>
                Eum eaque et nemo praesentium 33 voluptas aperiam et atque explicabo
              </em>
               eos vitae eius At saepe aspernatur. Ut quaerat cumque aut suscipit dolorumad iste et nisi autem et nobis galisum! 
            </p>
            <h2>
              Ut omnis maiores qui aperiam omnis et molestias ipsa.
            </h2>
             
            <ul>
              <li>
                Aut atque optio ut rerum repellat sit deserunt voluptas. 
              </li>
              <li>
                Et dignissimos quia ad alias harum. 
              </li>
              <li>
                Et harum necessitatibus non facere porro. 
              </li>
              <li>
                Est harum voluptatem rem exercitationem provident eum doloremque eveniet non vitae quas. 
              </li>
            </ul>
             
            <p>
              Aut esse sunt 
              <em>
                In aliquam et facere iure
              </em>
              . Ut minima oditEt assumenda qui nesciunt rerum est deserunt aliquam non laborum exercitationem et minus dolorem! Qui rerum quisquam sit velit quibusdamEt iusto eos pariatur doloribus et temporibus saepe in dolorem beatae. Hic quia suntIn tempora non voluptatem debitis rem labore nihil est cumque sunt quo atque 
              <a
                href="#"
              >
                voluptas
              </a>
              . 
            </p>
            <h3>
              Ab suscipit atque aut animi quod. 
            </h3>
            <p>
              Aut labore magnam 
              <em>
                33 voluptatibus aut iste iste et accusamus iste
              </em>
              . Vel accusantium commodiEst sequi aut provident quia et nihil quae sed fuga aspernatur in praesentium voluptas ut incidunt laborum. Non porro quia ut architecto illum 
              <strong>
                Ut laborum At dignissimos voluptas qui quae nulla rem laboriosam doloribus
              </strong>
               qui voluptatem accusamus! 
            </p>
            

          </p>
        </div>
      </div>
    </div>
  </div>
</div>
`;

exports[`<GridContent /> should render grid content 2`] = `
.c2 {
  text-align: center;
  max-width: 58rem;
  margin: 0 auto;
}

.c4 {
  margin: 6.4rem 0;
}

.c3 {
  color: #0A1128;
  font-size: 6.4rem;
  text-transform: uppercase;
}

.c0 {
  background: #FFFFFF;
  color: #0A1128;
  min-height: 100vh;
  display: -webkit-box;
  display: -webkit-flex;
  display: -ms-flexbox;
  display: flex;
  -webkit-align-items: center;
  -webkit-box-align: center;
  -ms-flex-align: center;
  align-items: center;
}

.c1 {
  max-width: 120rem;
  margin: 0 auto;
  padding: 3.2rem;
}

.c5 {
  font-size: 2.4rem;
}

@media (max-width:768px) {
  .c3 {
    font-size: 4.0rem;
  }
}

@media (max-width:768px) {
  .c1 {
    padding: 1.6rem;
  }
}

@media (max-width:414px) {
  .c1 {
    padding: .4rem;
  }
}

<div>
  <div
    class="c0"
  >
    <div
      class="c1"
    >
      <div
        class="c2"
      >
        <h1
          class="c3"
        >
          Any title as you wish
        </h1>
        <div
          class="c4"
        >
          <p
            class="c5"
          >
            <h1>
              Non voluptas eligendi 33 beatae sint est quod exercitationem! 
            </h1>
            <p>
              Lorem ipsum dolor sit amet. Et asperiores explicaboEst earum ea accusamus similique aut ipsa totam aut laborum quidem rem vero quisquam est velit labore? Eos veniam atqueUt consequatur id eius enim. Sit Quis adipisci 
              <em>
                Eum eaque et nemo praesentium 33 voluptas aperiam et atque explicabo
              </em>
               eos vitae eius At saepe aspernatur. Ut quaerat cumque aut suscipit dolorumad iste et nisi autem et nobis galisum! 
            </p>
            <h2>
              Ut omnis maiores qui aperiam omnis et molestias ipsa.
            </h2>
             
            <ul>
              <li>
                Aut atque optio ut rerum repellat sit deserunt voluptas. 
              </li>
              <li>
                Et dignissimos quia ad alias harum. 
              </li>
              <li>
                Et harum necessitatibus non facere porro. 
              </li>
              <li>
                Est harum voluptatem rem exercitationem provident eum doloremque eveniet non vitae quas. 
              </li>
            </ul>
             
            <p>
              Aut esse sunt 
              <em>
                In aliquam et facere iure
              </em>
              . Ut minima oditEt assumenda qui nesciunt rerum est deserunt aliquam non laborum exercitationem et minus dolorem! Qui rerum quisquam sit velit quibusdamEt iusto eos pariatur doloribus et temporibus saepe in dolorem beatae. Hic quia suntIn tempora non voluptatem debitis rem labore nihil est cumque sunt quo atque 
              <a
                href="#"
              >
                voluptas
              </a>
              . 
            </p>
            <h3>
              Ab suscipit atque aut animi quod. 
            </h3>
            <p>
              Aut labore magnam 
              <em>
                33 voluptatibus aut iste iste et accusamus iste
              </em>
              . Vel accusantium commodiEst sequi aut provident quia et nihil quae sed fuga aspernatur in praesentium voluptas ut incidunt laborum. Non porro quia ut architecto illum 
              <strong>
                Ut laborum At dignissimos voluptas qui quae nulla rem laboriosam doloribus
              </strong>
               qui voluptatem accusamus! 
            </p>
            

          </p>
        </div>
      </div>
    </div>
  </div>
</div>
`;
